// Jest Snapshot v1, https://goo.gl/fbAQLP

exports[`renders correctly 1`] = `
<div
  className="App"
>
  <div
    className="MuiPaper-root-1 MuiPaper-elevation2-5 MuiPaper-rounded-2"
    style={
      Object {
        "margin": "10% auto 0 auto",
        "padding": "5%",
        "textAlign": "center",
        "width": "500px",
      }
    }
  >
    <img
      alt="Girl Guides Australia Logo"
      src="logo.svg"
    />
    <form
      onSubmit={[Function]}
    >
      <div
        className="MuiFormControl-root-28 MuiFormControl-marginNormal-29"
      >
        <label
          className="MuiFormLabel-root-43 MuiFormLabel-required-48 MuiInputLabel-required-36 MuiInputLabel-root-32 MuiInputLabel-formControl-37 MuiInputLabel-animated-40"
          data-shrink={false}
          htmlFor="email"
        >
          Email
          <span
            className="MuiFormLabel-asterisk-49"
          >
             *
          </span>
        </label>
        <div
          className="MuiInputBase-root-63 MuiInput-root-50 MuiInput-underline-54 MuiInputBase-formControl-64 MuiInput-formControl-51"
          onClick={[Function]}
        >
          <input
            aria-invalid={false}
            className="MuiInputBase-input-73 MuiInput-input-58 MuiInputBase-inputType-76 MuiInput-inputType-61"
            disabled={false}
            id="email"
            onBlur={[Function]}
            onChange={[Function]}
            onFocus={[Function]}
            required={true}
            type="email"
          />
        </div>
      </div>
      <br />
      <div
        className="MuiFormControl-root-28 MuiFormControl-marginNormal-29"
      >
        <label
          className="MuiFormLabel-root-43 MuiFormLabel-required-48 MuiInputLabel-required-36 MuiInputLabel-root-32 MuiInputLabel-formControl-37 MuiInputLabel-animated-40"
          data-shrink={false}
          htmlFor="password"
        >
          Password
          <span
            className="MuiFormLabel-asterisk-49"
          >
             *
          </span>
        </label>
        <div
          className="MuiInputBase-root-63 MuiInput-root-50 MuiInput-underline-54 MuiInputBase-formControl-64 MuiInput-formControl-51"
          onClick={[Function]}
        >
          <input
            aria-invalid={false}
            className="MuiInputBase-input-73 MuiInput-input-58 MuiInputBase-inputType-76 MuiInput-inputType-61"
            disabled={false}
            id="password"
            onBlur={[Function]}
            onChange={[Function]}
            onFocus={[Function]}
            required={true}
            type="password"
          />
        </div>
      </div>
      <br />
      <button
        className="MuiButtonBase-root-106 MuiButton-root-80 MuiButton-contained-91 MuiButton-containedPrimary-92 MuiButton-raised-94 MuiButton-raisedPrimary-95"
        disabled={false}
        onBlur={[Function]}
        onContextMenu={[Function]}
        onFocus={[Function]}
        onKeyDown={[Function]}
        onKeyUp={[Function]}
        onMouseDown={[Function]}
        onMouseLeave={[Function]}
        onMouseUp={[Function]}
        onTouchEnd={[Function]}
        onTouchMove={[Function]}
        onTouchStart={[Function]}
        tabIndex="0"
        type="submit"
      >
        <span
          className="MuiButton-label-81"
        >
          Sign In
        </span>
        <span
          className="MuiTouchRipple-root-109"
        />
      </button>
      <a
        href="/signup"
        onClick={[Function]}
      >
        <button
          className="MuiButtonBase-root-106 MuiButton-root-80 MuiButton-contained-91 MuiButton-containedPrimary-92 MuiButton-raised-94 MuiButton-raisedPrimary-95"
          disabled={false}
          onBlur={[Function]}
          onContextMenu={[Function]}
          onFocus={[Function]}
          onKeyDown={[Function]}
          onKeyUp={[Function]}
          onMouseDown={[Function]}
          onMouseLeave={[Function]}
          onMouseUp={[Function]}
          onTouchEnd={[Function]}
          onTouchMove={[Function]}
          onTouchStart={[Function]}
          style={
            Object {
              "backgroundColor": "orange",
            }
          }
          tabIndex="0"
          type="button"
        >
          <span
            className="MuiButton-label-81"
          >
            Register
          </span>
          <span
            className="MuiTouchRipple-root-109"
          />
        </button>
      </a>
    </form>
  </div>
</div>
`;
